[2026-06-14 17:24:33] [INFO] Telegram Listener wird gestartet...
[2026-06-14 17:24:34] [INFO] Telegram Listener läuft und hört zu...
[2026-06-14 17:24:34] [INFO] Nachricht empfangen: 'fabrik start' von Chat 8803409956
[2026-06-14 17:24:34] [INFO] Aufgabe eingereiht: KI_ANFRAGE | Chat 8803409956
[2026-06-14 17:24:35] [INFO] Antwort an Chat 8803409956 gesendet.
[2026-06-14 17:24:35] [INFO] Nachricht empfangen: 'fabrik start' von Chat 8803409956
[2026-06-14 17:24:35] [INFO] Aufgabe eingereiht: KI_ANFRAGE | Chat 8803409956
[2026-06-14 17:24:35] [INFO] Antwort an Chat 8803409956 gesendet.
[2026-06-14 17:24:35] [INFO] Nachricht empfangen: 'hallo' von Chat 8803409956
[2026-06-14 17:24:35] [INFO] Aufgabe eingereiht: KI_ANFRAGE | Chat 8803409956
[2026-06-14 17:24:35] [INFO] Antwort an Chat 8803409956 gesendet.
[2026-06-14 17:24:35] [INFO] Nachricht empfangen: 'fabrik start' von Chat 8803409956
[2026-06-14 17:24:35] [INFO] Aufgabe eingereiht: KI_ANFRAGE | Chat 8803409956
[2026-06-14 17:24:35] [INFO] Antwort an Chat 8803409956 gesendet.
[2026-06-14 17:24:35] [INFO] Nachricht empfangen: '/help' von Chat 8803409956
[2026-06-14 17:24:35] [INFO] Aufgabe eingereiht: KI_ANFRAGE | Chat 8803409956
[2026-06-14 17:24:35] [INFO] Antwort an Chat 8803409956 gesendet.
[2026-06-14 17:25:19] [INFO] Nachricht empfangen: 'fabrik start' von Chat 8803409956
[2026-06-14 17:25:19] [INFO] Aufgabe eingereiht: KI_ANFRAGE | Chat 8803409956
[2026-06-14 17:25:19] [INFO] Antwort an Chat 8803409956 gesendet.
[2026-06-14 17:29:41] [INFO] Telegram Listener wird gestartet...
[2026-06-14 17:29:42] [INFO] Telegram Listener läuft und hört zu...
[2026-06-14 17:30:17] [INFO] Nachricht empfangen: 'fabrik start' von Chat 8803409956
[2026-06-14 17:30:17] [INFO] Aufgabe eingereiht: KI_ANFRAGE | Chat 8803409956
[2026-06-14 17:30:18] [INFO] Antwort an Chat 8803409956 gesendet.
[2026-06-14 17:44:15] [INFO] Telegram Listener wird gestartet...
[2026-06-14 17:44:15] [INFO] Telegram Listener läuft und hört zu...
[2026-06-14 17:44:25] [INFO] Nachricht empfangen: 'fabrik start' von Chat 8803409956
[2026-06-14 17:44:25] [INFO] Aufgabe eingereiht: KI_ANFRAGE | Chat 8803409956
[2026-06-14 17:44:26] [INFO] Antwort an Chat 8803409956 gesendet.
[2026-06-14 18:13:42] [INFO] Telegram Listener wird gestartet...
[2026-06-14 18:13:43] [INFO] Telegram Listener läuft und hört zu...
[2026-06-14 18:13:57] [INFO] Nachricht empfangen: '/help' von Chat 8803409956
[2026-06-14 18:13:57] [INFO] Aufgabe eingereiht: KI_ANFRAGE | Chat 8803409956
[2026-06-14 18:13:57] [INFO] Antwort an Chat 8803409956 gesendet.
[2026-06-14 18:15:20] [INFO] Nachricht empfangen: 'fabrik start' von Chat 8803409956
[2026-06-14 18:15:20] [INFO] Aufgabe eingereiht: KI_ANFRAGE | Chat 8803409956
[2026-06-14 18:15:21] [INFO] Antwort an Chat 8803409956 gesendet.
[2026-06-14 18:31:08] [INFO] Telegram Listener wird gestartet...
[2026-06-14 18:31:09] [INFO] Telegram Listener läuft und hört zu...
[2026-06-14 18:31:09] [INFO] Nachricht empfangen: '/help' von Chat 8803409956
[2026-06-14 18:31:09] [INFO] Aufgabe eingereiht: KI_ANFRAGE | Chat 8803409956
[2026-06-14 18:31:09] [INFO] Antwort an Chat 8803409956 gesendet.
[2026-06-14 18:31:09] [INFO] Nachricht empfangen: 'fabrik start' von Chat 8803409956
[2026-06-14 18:31:09] [INFO] Aufgabe eingereiht: KI_ANFRAGE | Chat 8803409956
[2026-06-14 18:31:10] [INFO] Antwort an Chat 8803409956 gesendet.
[2026-06-14 18:38:13] [INFO] Telegram Listener wird gestartet...
[2026-06-14 18:38:14] [INFO] Telegram Listener läuft und hört zu...
[2026-06-14 18:39:09] [INFO] Telegram Listener wird gestartet...
[2026-06-14 18:39:10] [INFO] Telegram Listener läuft und hört zu...
[2026-06-14 18:40:05] [INFO] Telegram Listener wird gestartet...
[2026-06-14 18:40:05] [INFO] Telegram Listener läuft und hört zu...
[2026-06-14 18:48:10] [INFO] Telegram Listener wird gestartet...
[2026-06-14 18:48:10] [INFO] Telegram Listener läuft und hört zu...
[2026-06-14 18:52:15] [INFO] Telegram Listener wird gestartet...
[2026-06-14 18:52:16] [INFO] Telegram Listener läuft und hört zu...
[2026-06-14 18:54:45] [INFO] Telegram Listener wird gestartet...
[2026-06-14 18:54:46] [INFO] Telegram Listener läuft und hört zu...
[2026-06-14 19:05:40] [INFO] Telegram Listener wird gestartet...
[2026-06-14 19:05:40] [INFO] Telegram Listener läuft und hört zu...
[2026-06-14 19:08:25] [INFO] Telegram Listener wird gestartet...
[2026-06-14 19:08:25] [INFO] Telegram Listener läuft und hört zu...
[2026-06-14 19:25:12] [INFO] Telegram Listener wird gestartet...
[2026-06-14 19:25:13] [INFO] Telegram Listener läuft und hört zu...
[2026-06-15 09:43:54] [ERROR] token.txt wurde nicht gefunden!
[2026-06-15 09:43:57] [ERROR] token.txt wurde nicht gefunden!
[2026-06-15 09:44:00] [ERROR] token.txt wurde nicht gefunden!
[2026-06-15 09:51:58] [ERROR] token.txt wurde nicht gefunden!
[2026-06-15 09:52:01] [ERROR] token.txt wurde nicht gefunden!
[2026-06-15 09:52:04] [ERROR] token.txt wurde nicht gefunden!
[2026-06-15 09:52:07] [ERROR] token.txt wurde nicht gefunden!
[2026-06-15 09:52:10] [ERROR] token.txt wurde nicht gefunden!
[2026-06-15 09:52:13] [ERROR] token.txt wurde nicht gefunden!
[2026-06-15 09:52:16] [ERROR] token.txt wurde nicht gefunden!
[2026-06-15 09:52:19] [ERROR] token.txt wurde nicht gefunden!
[2026-06-15 09:52:22] [ERROR] token.txt wurde nicht gefunden!
[2026-06-15 09:52:25] [ERROR] token.txt wurde nicht gefunden!
[2026-06-15 09:52:28] [ERROR] token.txt wurde nicht gefunden!
[2026-06-15 09:52:31] [ERROR] token.txt wurde nicht gefunden!
[2026-06-15 09:52:34] [ERROR] token.txt wurde nicht gefunden!
[2026-06-15 09:52:37] [ERROR] token.txt wurde nicht gefunden!
[2026-06-15 09:52:40] [ERROR] token.txt wurde nicht gefunden!
[2026-06-15 09:52:43] [ERROR] token.txt wurde nicht gefunden!
[2026-06-15 09:52:46] [ERROR] token.txt wurde nicht gefunden!
[2026-06-15 09:52:49] [ERROR] token.txt wurde nicht gefunden!
[2026-06-15 09:52:52] [ERROR] token.txt wurde nicht gefunden!
[2026-06-15 09:52:55] [ERROR] token.txt wurde nicht gefunden!
[2026-06-15 09:52:58] [ERROR] token.txt wurde nicht gefunden!
[2026-06-15 09:53:01] [ERROR] token.txt wurde nicht gefunden!
[2026-06-15 09:53:04] [ERROR] token.txt wurde nicht gefunden!
[2026-06-15 09:53:07] [ERROR] token.txt wurde nicht gefunden!
[2026-06-15 09:53:10] [ERROR] token.txt wurde nicht gefunden!
[2026-06-15 09:53:13] [ERROR] token.txt wurde nicht gefunden!
[2026-06-15 09:53:16] [ERROR] token.txt wurde nicht gefunden!
[2026-06-15 09:53:19] [ERROR] token.txt wurde nicht gefunden!
[2026-06-15 09:53:22] [ERROR] token.txt wurde nicht gefunden!
[2026-06-15 09:53:25] [ERROR] token.txt wurde nicht gefunden!
[2026-06-15 09:53:28] [ERROR] token.txt wurde nicht gefunden!
[2026-06-15 09:53:31] [ERROR] token.txt wurde nicht gefunden!
[2026-06-15 09:53:34] [ERROR] token.txt wurde nicht gefunden!
[2026-06-15 09:53:37] [ERROR] token.txt wurde nicht gefunden!
[2026-06-15 09:53:40] [ERROR] token.txt wurde nicht gefunden!
[2026-06-15 09:53:43] [ERROR] token.txt wurde nicht gefunden!
[2026-06-15 09:53:46] [ERROR] token.txt wurde nicht gefunden!
[2026-06-15 09:53:49] [ERROR] token.txt wurde nicht gefunden!
[2026-06-15 09:53:52] [ERROR] token.txt wurde nicht gefunden!
[2026-06-15 09:53:55] [ERROR] token.txt wurde nicht gefunden!
[2026-06-15 09:53:58] [ERROR] token.txt wurde nicht gefunden!
[2026-06-15 09:54:01] [ERROR] token.txt wurde nicht gefunden!
[2026-06-15 09:54:04] [ERROR] token.txt wurde nicht gefunden!
[2026-06-15 09:54:07] [ERROR] token.txt wurde nicht gefunden!
[2026-06-15 09:54:10] [ERROR] token.txt wurde nicht gefunden!
[2026-06-15 09:54:13] [ERROR] token.txt wurde nicht gefunden!
[2026-06-15 09:54:16] [ERROR] token.txt wurde nicht gefunden!
[2026-06-15 09:54:19] [ERROR] token.txt wurde nicht gefunden!
[2026-06-15 09:54:22] [ERROR] token.txt wurde nicht gefunden!
[2026-06-15 09:54:25] [ERROR] token.txt wurde nicht gefunden!
[2026-06-15 09:54:28] [ERROR] token.txt wurde nicht gefunden!
[2026-06-15 09:54:31] [ERROR] token.txt wurde nicht gefunden!
[2026-06-15 09:54:34] [ERROR] token.txt wurde nicht gefunden!
[2026-06-15 09:54:37] [ERROR] token.txt wurde nicht gefunden!
[2026-06-15 09:54:40] [ERROR] token.txt wurde nicht gefunden!
[2026-06-15 09:54:43] [ERROR] token.txt wurde nicht gefunden!
[2026-06-15 09:54:46] [ERROR] token.txt wurde nicht gefunden!
[2026-06-15 09:54:49] [ERROR] token.txt wurde nicht gefunden!
[2026-06-15 09:54:52] [ERROR] token.txt wurde nicht gefunden!
[2026-06-15 09:54:55] [ERROR] token.txt wurde nicht gefunden!
[2026-06-15 09:54:58] [ERROR] token.txt wurde nicht gefunden!
[2026-06-15 09:55:01] [ERROR] token.txt wurde nicht gefunden!
[2026-06-15 09:55:04] [ERROR] token.txt wurde nicht gefunden!
[2026-06-15 09:55:07] [ERROR] token.txt wurde nicht gefunden!
[2026-06-15 09:55:10] [ERROR] token.txt wurde nicht gefunden!
[2026-06-15 09:55:13] [ERROR] token.txt wurde nicht gefunden!
[2026-06-15 09:55:16] [ERROR] token.txt wurde nicht gefunden!
[2026-06-15 09:55:19] [ERROR] token.txt wurde nicht gefunden!
[2026-06-15 09:55:22] [ERROR] token.txt wurde nicht gefunden!
[2026-06-15 09:55:25] [ERROR] token.txt wurde nicht gefunden!
[2026-06-15 09:55:28] [ERROR] token.txt wurde nicht gefunden!
[2026-06-15 09:55:31] [ERROR] token.txt wurde nicht gefunden!
[2026-06-15 09:55:34] [ERROR] token.txt wurde nicht gefunden!
[2026-06-15 09:55:37] [ERROR] token.txt wurde nicht gefunden!
[2026-06-15 09:55:40] [ERROR] token.txt wurde nicht gefunden!
[2026-06-15 09:55:43] [ERROR] token.txt wurde nicht gefunden!
[2026-06-15 09:55:46] [ERROR] token.txt wurde nicht gefunden!
[2026-06-15 09:55:49] [ERROR] token.txt wurde nicht gefunden!
[2026-06-15 09:55:52] [ERROR] token.txt wurde nicht gefunden!
[2026-06-15 09:55:55] [ERROR] token.txt wurde nicht gefunden!
[2026-06-15 09:55:58] [ERROR] token.txt wurde nicht gefunden!
[2026-06-15 09:56:01] [ERROR] token.txt wurde nicht gefunden!
[2026-06-15 09:56:04] [ERROR] token.txt wurde nicht gefunden!
[2026-06-15 09:56:07] [ERROR] token.txt wurde nicht gefunden!
[2026-06-15 09:56:10] [ERROR] token.txt wurde nicht gefunden!
[2026-06-15 09:56:13] [ERROR] token.txt wurde nicht gefunden!
[2026-06-15 09:56:16] [ERROR] token.txt wurde nicht gefunden!
[2026-06-15 09:56:19] [ERROR] token.txt wurde nicht gefunden!
[2026-06-15 09:56:22] [ERROR] token.txt wurde nicht gefunden!
[2026-06-15 09:56:25] [ERROR] token.txt wurde nicht gefunden!
[2026-06-15 09:56:28] [ERROR] token.txt wurde nicht gefunden!
[2026-06-15 09:56:31] [ERROR] token.txt wurde nicht gefunden!
[2026-06-15 09:56:34] [ERROR] token.txt wurde nicht gefunden!
[2026-06-15 09:56:37] [ERROR] token.txt wurde nicht gefunden!
[2026-06-15 09:56:40] [ERROR] token.txt wurde nicht gefunden!
[2026-06-15 09:56:43] [ERROR] token.txt wurde nicht gefunden!
[2026-06-15 09:56:46] [ERROR] token.txt wurde nicht gefunden!
[2026-06-15 09:56:49] [ERROR] token.txt wurde nicht gefunden!
[2026-06-15 09:56:52] [ERROR] token.txt wurde nicht gefunden!
[2026-06-15 09:56:55] [ERROR] token.txt wurde nicht gefunden!
[2026-06-15 09:56:58] [ERROR] token.txt wurde nicht gefunden!
[2026-06-15 09:57:01] [ERROR] token.txt wurde nicht gefunden!
[2026-06-15 09:57:04] [ERROR] token.txt wurde nicht gefunden!
[2026-06-15 09:57:07] [ERROR] token.txt wurde nicht gefunden!
[2026-06-15 09:57:10] [ERROR] token.txt wurde nicht gefunden!
[2026-06-15 09:57:13] [ERROR] token.txt wurde nicht gefunden!
[2026-06-15 09:57:16] [ERROR] token.txt wurde nicht gefunden!
[2026-06-15 09:57:19] [ERROR] token.txt wurde nicht gefunden!
[2026-06-15 09:57:22] [ERROR] token.txt wurde nicht gefunden!
[2026-06-15 09:57:25] [ERROR] token.txt wurde nicht gefunden!
[2026-06-15 09:57:28] [ERROR] token.txt wurde nicht gefunden!
[2026-06-15 09:57:31] [ERROR] token.txt wurde nicht gefunden!
[2026-06-15 09:57:34] [ERROR] token.txt wurde nicht gefunden!
[2026-06-15 09:57:37] [ERROR] token.txt wurde nicht gefunden!
[2026-06-15 09:57:40] [ERROR] token.txt wurde nicht gefunden!
[2026-06-15 09:57:43] [ERROR] token.txt wurde nicht gefunden!
[2026-06-15 09:57:46] [ERROR] token.txt wurde nicht gefunden!
[2026-06-15 09:57:49] [ERROR] token.txt wurde nicht gefunden!
[2026-06-15 09:57:52] [ERROR] token.txt wurde nicht gefunden!
[2026-06-15 09:57:55] [ERROR] token.txt wurde nicht gefunden!
[2026-06-15 09:57:58] [ERROR] token.txt wurde nicht gefunden!
[2026-06-15 09:58:01] [ERROR] token.txt wurde nicht gefunden!
[2026-06-15 09:58:04] [ERROR] token.txt wurde nicht gefunden!
[2026-06-15 09:58:07] [ERROR] token.txt wurde nicht gefunden!
[2026-06-15 09:58:10] [ERROR] token.txt wurde nicht gefunden!
[2026-06-15 09:58:13] [ERROR] token.txt wurde nicht gefunden!
[2026-06-15 09:58:16] [ERROR] token.txt wurde nicht gefunden!
[2026-06-15 09:58:19] [ERROR] token.txt wurde nicht gefunden!
[2026-06-15 09:58:22] [ERROR] token.txt wurde nicht gefunden!
[2026-06-15 09:58:25] [ERROR] token.txt wurde nicht gefunden!
[2026-06-15 09:58:28] [ERROR] token.txt wurde nicht gefunden!
[2026-06-15 09:58:31] [ERROR] token.txt wurde nicht gefunden!
[2026-06-15 09:58:34] [ERROR] token.txt wurde nicht gefunden!
[2026-06-15 09:58:37] [ERROR] token.txt wurde nicht gefunden!
[2026-06-15 09:58:40] [ERROR] token.txt wurde nicht gefunden!
[2026-06-15 09:58:43] [ERROR] token.txt wurde nicht gefunden!
[2026-06-15 09:58:46] [ERROR] token.txt wurde nicht gefunden!
[2026-06-15 09:58:49] [ERROR] token.txt wurde nicht gefunden!
[2026-06-15 09:58:50] [ERROR] token.txt wurde nicht gefunden!
[2026-06-15 09:58:52] [ERROR] token.txt wurde nicht gefunden!
[2026-06-15 09:58:53] [ERROR] token.txt wurde nicht gefunden!
[2026-06-15 09:58:55] [ERROR] token.txt wurde nicht gefunden!
[2026-06-15 09:58:56] [ERROR] token.txt wurde nicht gefunden!
[2026-06-15 09:58:58] [ERROR] token.txt wurde nicht gefunden!
[2026-06-15 09:58:59] [ERROR] token.txt wurde nicht gefunden!
[2026-06-15 09:59:01] [ERROR] token.txt wurde nicht gefunden!
[2026-06-15 09:59:02] [ERROR] token.txt wurde nicht gefunden!
[2026-06-15 09:59:04] [ERROR] token.txt wurde nicht gefunden!
[2026-06-15 09:59:05] [ERROR] token.txt wurde nicht gefunden!
[2026-06-15 09:59:07] [ERROR] token.txt wurde nicht gefunden!
[2026-06-15 09:59:08] [ERROR] token.txt wurde nicht gefunden!
[2026-06-15 09:59:10] [ERROR] token.txt wurde nicht gefunden!
[2026-06-15 09:59:11] [ERROR] token.txt wurde nicht gefunden!
[2026-06-15 09:59:13] [ERROR] token.txt wurde nicht gefunden!
[2026-06-15 09:59:14] [ERROR] token.txt wurde nicht gefunden!
[2026-06-15 09:59:16] [ERROR] token.txt wurde nicht gefunden!
[2026-06-15 09:59:17] [ERROR] token.txt wurde nicht gefunden!
[2026-06-15 09:59:19] [ERROR] token.txt wurde nicht gefunden!
[2026-06-15 09:59:20] [ERROR] token.txt wurde nicht gefunden!
[2026-06-15 09:59:22] [ERROR] token.txt wurde nicht gefunden!
[2026-06-15 09:59:23] [ERROR] token.txt wurde nicht gefunden!
[2026-06-15 09:59:25] [ERROR] token.txt wurde nicht gefunden!
[2026-06-15 09:59:26] [ERROR] token.txt wurde nicht gefunden!
[2026-06-15 09:59:28] [ERROR] token.txt wurde nicht gefunden!
[2026-06-15 09:59:29] [ERROR] token.txt wurde nicht gefunden!
[2026-06-15 09:59:31] [ERROR] token.txt wurde nicht gefunden!
[2026-06-15 09:59:32] [ERROR] token.txt wurde nicht gefunden!
[2026-06-15 09:59:34] [ERROR] token.txt wurde nicht gefunden!
[2026-06-15 09:59:35] [ERROR] token.txt wurde nicht gefunden!
[2026-06-15 09:59:37] [ERROR] token.txt wurde nicht gefunden!
[2026-06-15 09:59:38] [ERROR] token.txt wurde nicht gefunden!
[2026-06-15 09:59:40] [ERROR] token.txt wurde nicht gefunden!
[2026-06-15 09:59:41] [ERROR] token.txt wurde nicht gefunden!
[2026-06-15 09:59:43] [ERROR] token.txt wurde nicht gefunden!
[2026-06-15 09:59:44] [ERROR] token.txt wurde nicht gefunden!
[2026-06-15 09:59:46] [ERROR] token.txt wurde nicht gefunden!
[2026-06-15 09:59:47] [ERROR] token.txt wurde nicht gefunden!
[2026-06-15 09:59:49] [ERROR] token.txt wurde nicht gefunden!
[2026-06-15 09:59:50] [ERROR] token.txt wurde nicht gefunden!
[2026-06-15 09:59:52] [ERROR] token.txt wurde nicht gefunden!
[2026-06-15 09:59:53] [ERROR] token.txt wurde nicht gefunden!
[2026-06-15 09:59:55] [ERROR] token.txt wurde nicht gefunden!
[2026-06-15 09:59:56] [ERROR] token.txt wurde nicht gefunden!
[2026-06-15 09:59:58] [ERROR] token.txt wurde nicht gefunden!
[2026-06-15 09:59:59] [ERROR] token.txt wurde nicht gefunden!
[2026-06-15 10:00:01] [ERROR] token.txt wurde nicht gefunden!
[2026-06-15 10:00:02] [ERROR] token.txt wurde nicht gefunden!
[2026-06-15 10:00:04] [ERROR] token.txt wurde nicht gefunden!
[2026-06-15 10:00:05] [ERROR] token.txt wurde nicht gefunden!
[2026-06-15 10:00:07] [ERROR] token.txt wurde nicht gefunden!
[2026-06-15 10:00:08] [ERROR] token.txt wurde nicht gefunden!
[2026-06-15 10:00:10] [ERROR] token.txt wurde nicht gefunden!
[2026-06-15 10:00:11] [ERROR] token.txt wurde nicht gefunden!
[2026-06-15 10:00:13] [ERROR] token.txt wurde nicht gefunden!
[2026-06-15 10:00:14] [ERROR] token.txt wurde nicht gefunden!
[2026-06-15 10:00:16] [ERROR] token.txt wurde nicht gefunden!
[2026-06-15 10:00:17] [ERROR] token.txt wurde nicht gefunden!
[2026-06-15 10:00:19] [ERROR] token.txt wurde nicht gefunden!
[2026-06-15 10:00:20] [ERROR] token.txt wurde nicht gefunden!
[2026-06-15 10:00:22] [ERROR] token.txt wurde nicht gefunden!
[2026-06-15 10:00:23] [ERROR] token.txt wurde nicht gefunden!
[2026-06-15 10:00:25] [ERROR] token.txt wurde nicht gefunden!
[2026-06-15 10:00:26] [ERROR] token.txt wurde nicht gefunden!
[2026-06-15 10:00:28] [ERROR] token.txt wurde nicht gefunden!
[2026-06-15 10:00:29] [ERROR] token.txt wurde nicht gefunden!
[2026-06-15 10:00:31] [ERROR] token.txt wurde nicht gefunden!
[2026-06-15 10:00:32] [ERROR] token.txt wurde nicht gefunden!
[2026-06-15 10:00:34] [ERROR] token.txt wurde nicht gefunden!
[2026-06-15 10:00:35] [ERROR] token.txt wurde nicht gefunden!
[2026-06-15 10:00:37] [ERROR] token.txt wurde nicht gefunden!
[2026-06-15 10:00:38] [ERROR] token.txt wurde nicht gefunden!
[2026-06-15 10:00:40] [ERROR] token.txt wurde nicht gefunden!
[2026-06-15 10:00:41] [ERROR] token.txt wurde nicht gefunden!
[2026-06-15 10:00:43] [ERROR] token.txt wurde nicht gefunden!
[2026-06-15 10:00:44] [ERROR] token.txt wurde nicht gefunden!
[2026-06-15 10:00:46] [ERROR] token.txt wurde nicht gefunden!
[2026-06-15 10:00:47] [ERROR] token.txt wurde nicht gefunden!
[2026-06-15 10:00:49] [ERROR] token.txt wurde nicht gefunden!
[2026-06-15 10:00:50] [ERROR] token.txt wurde nicht gefunden!
[2026-06-15 10:00:52] [ERROR] token.txt wurde nicht gefunden!
[2026-06-15 10:00:53] [ERROR] token.txt wurde nicht gefunden!
[2026-06-15 10:00:55] [ERROR] token.txt wurde nicht gefunden!
[2026-06-15 10:00:56] [ERROR] token.txt wurde nicht gefunden!
[2026-06-15 10:00:58] [ERROR] token.txt wurde nicht gefunden!
[2026-06-15 10:00:59] [ERROR] token.txt wurde nicht gefunden!
[2026-06-15 10:01:01] [ERROR] token.txt wurde nicht gefunden!
[2026-06-15 10:01:02] [ERROR] token.txt wurde nicht gefunden!
[2026-06-15 10:01:04] [ERROR] token.txt wurde nicht gefunden!
[2026-06-15 10:01:05] [ERROR] token.txt wurde nicht gefunden!
[2026-06-15 10:01:07] [ERROR] token.txt wurde nicht gefunden!
[2026-06-15 10:01:08] [ERROR] token.txt wurde nicht gefunden!
[2026-06-15 10:01:10] [ERROR] token.txt wurde nicht gefunden!
[2026-06-15 10:01:11] [ERROR] token.txt wurde nicht gefunden!
[2026-06-15 10:01:13] [ERROR] token.txt wurde nicht gefunden!
[2026-06-15 10:01:14] [ERROR] token.txt wurde nicht gefunden!
[2026-06-15 10:01:16] [ERROR] token.txt wurde nicht gefunden!
[2026-06-15 10:01:17] [ERROR] token.txt wurde nicht gefunden!
[2026-06-15 10:01:19] [ERROR] token.txt wurde nicht gefunden!
[2026-06-15 10:01:20] [ERROR] token.txt wurde nicht gefunden!
[2026-06-15 10:01:22] [ERROR] token.txt wurde nicht gefunden!
[2026-06-15 10:01:23] [ERROR] token.txt wurde nicht gefunden!
[2026-06-15 10:01:25] [ERROR] token.txt wurde nicht gefunden!
[2026-06-15 10:01:26] [ERROR] token.txt wurde nicht gefunden!
[2026-06-15 10:01:28] [ERROR] token.txt wurde nicht gefunden!
[2026-06-15 10:01:29] [ERROR] token.txt wurde nicht gefunden!
[2026-06-15 10:01:31] [ERROR] token.txt wurde nicht gefunden!
[2026-06-15 10:01:32] [ERROR] token.txt wurde nicht gefunden!
[2026-06-15 10:01:34] [ERROR] token.txt wurde nicht gefunden!
[2026-06-15 10:01:35] [ERROR] token.txt wurde nicht gefunden!
[2026-06-15 10:01:37] [ERROR] token.txt wurde nicht gefunden!
[2026-06-15 10:01:38] [ERROR] token.txt wurde nicht gefunden!
[2026-06-15 10:01:40] [ERROR] token.txt wurde nicht gefunden!
[2026-06-15 10:01:41] [ERROR] token.txt wurde nicht gefunden!
[2026-06-15 10:01:43] [ERROR] token.txt wurde nicht gefunden!
[2026-06-15 10:01:44] [ERROR] token.txt wurde nicht gefunden!
[2026-06-15 10:01:46] [ERROR] token.txt wurde nicht gefunden!
[2026-06-15 10:01:47] [ERROR] token.txt wurde nicht gefunden!
[2026-06-15 10:01:49] [ERROR] token.txt wurde nicht gefunden!
[2026-06-15 10:01:50] [ERROR] token.txt wurde nicht gefunden!
[2026-06-15 10:01:52] [ERROR] token.txt wurde nicht gefunden!
[2026-06-15 10:01:53] [ERROR] token.txt wurde nicht gefunden!
[2026-06-15 10:01:55] [ERROR] token.txt wurde nicht gefunden!
[2026-06-15 10:01:56] [ERROR] token.txt wurde nicht gefunden!
[2026-06-15 10:01:58] [ERROR] token.txt wurde nicht gefunden!
[2026-06-15 10:01:59] [ERROR] token.txt wurde nicht gefunden!
[2026-06-15 10:02:01] [ERROR] token.txt wurde nicht gefunden!
[2026-06-15 10:02:02] [ERROR] token.txt wurde nicht gefunden!
[2026-06-15 10:02:04] [ERROR] token.txt wurde nicht gefunden!
[2026-06-15 10:02:05] [ERROR] token.txt wurde nicht gefunden!
[2026-06-15 10:02:07] [ERROR] token.txt wurde nicht gefunden!
[2026-06-15 10:02:08] [ERROR] token.txt wurde nicht gefunden!
[2026-06-15 10:02:10] [ERROR] token.txt wurde nicht gefunden!
[2026-06-15 10:02:11] [ERROR] token.txt wurde nicht gefunden!
[2026-06-15 10:02:13] [ERROR] token.txt wurde nicht gefunden!
[2026-06-15 10:02:14] [ERROR] token.txt wurde nicht gefunden!
[2026-06-15 10:02:16] [ERROR] token.txt wurde nicht gefunden!
[2026-06-15 10:02:17] [ERROR] token.txt wurde nicht gefunden!
[2026-06-15 10:02:19] [ERROR] token.txt wurde nicht gefunden!
[2026-06-15 10:02:20] [ERROR] token.txt wurde nicht gefunden!
[2026-06-15 10:02:22] [ERROR] token.txt wurde nicht gefunden!
[2026-06-15 10:02:23] [ERROR] token.txt wurde nicht gefunden!
[2026-06-15 10:02:25] [ERROR] token.txt wurde nicht gefunden!
[2026-06-15 10:02:26] [ERROR] token.txt wurde nicht gefunden!
[2026-06-15 10:02:28] [ERROR] token.txt wurde nicht gefunden!
[2026-06-15 10:02:29] [ERROR] token.txt wurde nicht gefunden!
[2026-06-15 10:02:31] [ERROR] token.txt wurde nicht gefunden!
[2026-06-15 10:02:32] [ERROR] token.txt wurde nicht gefunden!
[2026-06-15 10:02:34] [ERROR] token.txt wurde nicht gefunden!
[2026-06-15 10:02:35] [ERROR] token.txt wurde nicht gefunden!
[2026-06-15 10:02:37] [ERROR] token.txt wurde nicht gefunden!
[2026-06-15 10:02:38] [ERROR] token.txt wurde nicht gefunden!
[2026-06-15 10:02:40] [ERROR] token.txt wurde nicht gefunden!
[2026-06-15 10:02:41] [ERROR] token.txt wurde nicht gefunden!
[2026-06-15 10:02:43] [ERROR] token.txt wurde nicht gefunden!
[2026-06-15 10:02:44] [ERROR] token.txt wurde nicht gefunden!
[2026-06-15 10:02:46] [ERROR] token.txt wurde nicht gefunden!
[2026-06-15 10:02:47] [ERROR] token.txt wurde nicht gefunden!
[2026-06-15 10:02:49] [ERROR] token.txt wurde nicht gefunden!
[2026-06-15 10:02:50] [ERROR] token.txt wurde nicht gefunden!
[2026-06-15 10:02:52] [ERROR] token.txt wurde nicht gefunden!
[2026-06-15 10:02:53] [ERROR] token.txt wurde nicht gefunden!
[2026-06-15 10:02:55] [ERROR] token.txt wurde nicht gefunden!
[2026-06-15 10:02:56] [ERROR] token.txt wurde nicht gefunden!
[2026-06-15 10:02:58] [ERROR] token.txt wurde nicht gefunden!
[2026-06-15 10:02:59] [ERROR] token.txt wurde nicht gefunden!
[2026-06-15 10:03:01] [ERROR] token.txt wurde nicht gefunden!
[2026-06-15 10:03:02] [ERROR] token.txt wurde nicht gefunden!
[2026-06-15 10:03:04] [ERROR] token.txt wurde nicht gefunden!
[2026-06-15 10:03:05] [ERROR] token.txt wurde nicht gefunden!
[2026-06-15 10:03:07] [ERROR] token.txt wurde nicht gefunden!
[2026-06-15 10:03:08] [ERROR] token.txt wurde nicht gefunden!
[2026-06-15 10:03:10] [ERROR] token.txt wurde nicht gefunden!
[2026-06-15 10:03:11] [ERROR] token.txt wurde nicht gefunden!
[2026-06-15 10:03:13] [ERROR] token.txt wurde nicht gefunden!
[2026-06-15 10:03:14] [ERROR] token.txt wurde nicht gefunden!
[2026-06-15 10:03:16] [ERROR] token.txt wurde nicht gefunden!
[2026-06-15 10:03:17] [ERROR] token.txt wurde nicht gefunden!
[2026-06-15 10:03:19] [ERROR] token.txt wurde nicht gefunden!
[2026-06-15 10:03:20] [ERROR] token.txt wurde nicht gefunden!
[2026-06-15 10:03:22] [ERROR] token.txt wurde nicht gefunden!
[2026-06-15 10:03:23] [ERROR] token.txt wurde nicht gefunden!
[2026-06-15 10:03:25] [ERROR] token.txt wurde nicht gefunden!
[2026-06-15 10:03:26] [ERROR] token.txt wurde nicht gefunden!
[2026-06-15 10:03:28] [ERROR] token.txt wurde nicht gefunden!
[2026-06-15 10:03:29] [ERROR] token.txt wurde nicht gefunden!
[2026-06-15 10:03:31] [ERROR] token.txt wurde nicht gefunden!
[2026-06-15 10:03:32] [ERROR] token.txt wurde nicht gefunden!
[2026-06-15 10:03:34] [ERROR] token.txt wurde nicht gefunden!
[2026-06-15 10:03:35] [ERROR] token.txt wurde nicht gefunden!
[2026-06-15 10:03:37] [ERROR] token.txt wurde nicht gefunden!
[2026-06-15 10:03:38] [ERROR] token.txt wurde nicht gefunden!
[2026-06-15 10:03:40] [ERROR] token.txt wurde nicht gefunden!
[2026-06-15 10:03:41] [ERROR] token.txt wurde nicht gefunden!
[2026-06-15 10:03:43] [ERROR] token.txt wurde nicht gefunden!
[2026-06-15 10:03:44] [ERROR] token.txt wurde nicht gefunden!
[2026-06-15 10:03:46] [ERROR] token.txt wurde nicht gefunden!
[2026-06-15 10:03:47] [ERROR] token.txt wurde nicht gefunden!
[2026-06-15 10:03:49] [ERROR] token.txt wurde nicht gefunden!
[2026-06-15 10:03:50] [ERROR] token.txt wurde nicht gefunden!
[2026-06-15 10:03:52] [ERROR] token.txt wurde nicht gefunden!
[2026-06-15 10:03:53] [ERROR] token.txt wurde nicht gefunden!
[2026-06-15 10:03:55] [ERROR] token.txt wurde nicht gefunden!
[2026-06-15 10:03:56] [ERROR] token.txt wurde nicht gefunden!
[2026-06-15 10:03:58] [ERROR] token.txt wurde nicht gefunden!
[2026-06-15 10:03:59] [ERROR] token.txt wurde nicht gefunden!
[2026-06-15 10:04:01] [ERROR] token.txt wurde nicht gefunden!
[2026-06-15 10:04:02] [ERROR] token.txt wurde nicht gefunden!
[2026-06-15 10:04:04] [ERROR] token.txt wurde nicht gefunden!
[2026-06-15 10:04:05] [ERROR] token.txt wurde nicht gefunden!
[2026-06-15 10:04:07] [ERROR] token.txt wurde nicht gefunden!
[2026-06-15 10:04:08] [ERROR] token.txt wurde nicht gefunden!
[2026-06-15 10:04:10] [ERROR] token.txt wurde nicht gefunden!
[2026-06-15 10:04:11] [ERROR] token.txt wurde nicht gefunden!
[2026-06-15 10:04:13] [ERROR] token.txt wurde nicht gefunden!
[2026-06-15 10:04:14] [ERROR] token.txt wurde nicht gefunden!
[2026-06-15 10:04:16] [ERROR] token.txt wurde nicht gefunden!
[2026-06-15 10:04:17] [ERROR] token.txt wurde nicht gefunden!
[2026-06-15 10:04:19] [ERROR] token.txt wurde nicht gefunden!
[2026-06-15 10:04:20] [ERROR] token.txt wurde nicht gefunden!
[2026-06-15 10:04:22] [ERROR] token.txt wurde nicht gefunden!
[2026-06-15 10:04:23] [ERROR] token.txt wurde nicht gefunden!
[2026-06-15 10:04:25] [ERROR] token.txt wurde nicht gefunden!
[2026-06-15 10:04:26] [ERROR] token.txt wurde nicht gefunden!
[2026-06-15 10:04:28] [ERROR] token.txt wurde nicht gefunden!
[2026-06-15 10:04:29] [ERROR] token.txt wurde nicht gefunden!
[2026-06-15 10:04:31] [ERROR] token.txt wurde nicht gefunden!
[2026-06-15 10:04:32] [ERROR] token.txt wurde nicht gefunden!
[2026-06-15 10:04:34] [ERROR] token.txt wurde nicht gefunden!
[2026-06-15 10:04:35] [ERROR] token.txt wurde nicht gefunden!
[2026-06-15 10:04:37] [ERROR] token.txt wurde nicht gefunden!
[2026-06-15 10:04:38] [ERROR] token.txt wurde nicht gefunden!
[2026-06-15 10:04:40] [ERROR] token.txt wurde nicht gefunden!
[2026-06-15 10:04:41] [ERROR] token.txt wurde nicht gefunden!
[2026-06-15 10:04:43] [ERROR] token.txt wurde nicht gefunden!
[2026-06-15 10:04:44] [ERROR] token.txt wurde nicht gefunden!
[2026-06-15 10:04:46] [ERROR] token.txt wurde nicht gefunden!
[2026-06-15 10:04:47] [ERROR] token.txt wurde nicht gefunden!
[2026-06-15 10:04:49] [ERROR] token.txt wurde nicht gefunden!
[2026-06-15 10:04:50] [ERROR] token.txt wurde nicht gefunden!
[2026-06-15 10:04:52] [ERROR] token.txt wurde nicht gefunden!
[2026-06-15 10:04:53] [ERROR] token.txt wurde nicht gefunden!
[2026-06-15 10:04:55] [ERROR] token.txt wurde nicht gefunden!
[2026-06-15 10:04:56] [ERROR] token.txt wurde nicht gefunden!
[2026-06-15 10:04:58] [ERROR] token.txt wurde nicht gefunden!
[2026-06-15 10:04:59] [ERROR] token.txt wurde nicht gefunden!
[2026-06-15 10:05:01] [ERROR] token.txt wurde nicht gefunden!
[2026-06-15 10:05:02] [ERROR] token.txt wurde nicht gefunden!
[2026-06-15 10:05:04] [ERROR] token.txt wurde nicht gefunden!
[2026-06-15 10:05:05] [ERROR] token.txt wurde nicht gefunden!
[2026-06-15 10:05:07] [ERROR] token.txt wurde nicht gefunden!
[2026-06-15 10:05:08] [ERROR] token.txt wurde nicht gefunden!
[2026-06-15 10:05:10] [ERROR] token.txt wurde nicht gefunden!
[2026-06-15 10:05:11] [ERROR] token.txt wurde nicht gefunden!
[2026-06-15 10:05:13] [ERROR] token.txt wurde nicht gefunden!
[2026-06-15 10:05:14] [ERROR] token.txt wurde nicht gefunden!
[2026-06-15 10:05:16] [ERROR] token.txt wurde nicht gefunden!
[2026-06-15 10:05:17] [ERROR] token.txt wurde nicht gefunden!
[2026-06-15 10:05:19] [ERROR] token.txt wurde nicht gefunden!
[2026-06-15 10:05:20] [ERROR] token.txt wurde nicht gefunden!
[2026-06-15 10:05:22] [ERROR] token.txt wurde nicht gefunden!
[2026-06-15 10:05:23] [ERROR] token.txt wurde nicht gefunden!
[2026-06-15 10:05:25] [ERROR] token.txt wurde nicht gefunden!
[2026-06-15 10:05:26] [ERROR] token.txt wurde nicht gefunden!
[2026-06-15 10:05:28] [ERROR] token.txt wurde nicht gefunden!
[2026-06-15 10:05:29] [ERROR] token.txt wurde nicht gefunden!
[2026-06-15 10:05:31] [ERROR] token.txt wurde nicht gefunden!
[2026-06-15 10:05:32] [ERROR] token.txt wurde nicht gefunden!
[2026-06-15 10:05:34] [ERROR] token.txt wurde nicht gefunden!
[2026-06-15 10:05:35] [ERROR] token.txt wurde nicht gefunden!
[2026-06-15 10:05:37] [ERROR] token.txt wurde nicht gefunden!
[2026-06-15 10:05:38] [ERROR] token.txt wurde nicht gefunden!
[2026-06-15 10:05:40] [ERROR] token.txt wurde nicht gefunden!
[2026-06-15 10:05:41] [ERROR] token.txt wurde nicht gefunden!
[2026-06-15 10:05:43] [ERROR] token.txt wurde nicht gefunden!
[2026-06-15 10:05:44] [ERROR] token.txt wurde nicht gefunden!
[2026-06-15 10:05:46] [ERROR] token.txt wurde nicht gefunden!
[2026-06-15 10:05:47] [ERROR] token.txt wurde nicht gefunden!
[2026-06-15 10:05:49] [ERROR] token.txt wurde nicht gefunden!
[2026-06-15 10:05:50] [ERROR] token.txt wurde nicht gefunden!
[2026-06-15 10:05:52] [ERROR] token.txt wurde nicht gefunden!
[2026-06-15 10:05:53] [ERROR] token.txt wurde nicht gefunden!
[2026-06-15 10:05:55] [ERROR] token.txt wurde nicht gefunden!
[2026-06-15 10:05:56] [ERROR] token.txt wurde nicht gefunden!
[2026-06-15 10:05:58] [ERROR] token.txt wurde nicht gefunden!
[2026-06-15 10:05:59] [ERROR] token.txt wurde nicht gefunden!
[2026-06-15 10:06:01] [ERROR] token.txt wurde nicht gefunden!
[2026-06-15 10:06:02] [ERROR] token.txt wurde nicht gefunden!
[2026-06-15 10:06:04] [ERROR] token.txt wurde nicht gefunden!
[2026-06-15 10:06:05] [ERROR] token.txt wurde nicht gefunden!
[2026-06-15 10:06:07] [ERROR] token.txt wurde nicht gefunden!
[2026-06-15 10:06:08] [ERROR] token.txt wurde nicht gefunden!
[2026-06-15 10:06:10] [ERROR] token.txt wurde nicht gefunden!
[2026-06-15 10:06:11] [ERROR] token.txt wurde nicht gefunden!
[2026-06-15 10:06:13] [ERROR] token.txt wurde nicht gefunden!
[2026-06-15 10:06:14] [ERROR] token.txt wurde nicht gefunden!
[2026-06-15 10:06:16] [ERROR] token.txt wurde nicht gefunden!
[2026-06-15 10:06:17] [ERROR] token.txt wurde nicht gefunden!
[2026-06-15 10:06:19] [ERROR] token.txt wurde nicht gefunden!
[2026-06-15 10:06:20] [ERROR] token.txt wurde nicht gefunden!
[2026-06-15 10:06:22] [ERROR] token.txt wurde nicht gefunden!
[2026-06-15 10:06:23] [ERROR] token.txt wurde nicht gefunden!
[2026-06-15 10:06:25] [ERROR] token.txt wurde nicht gefunden!
[2026-06-15 10:06:26] [ERROR] token.txt wurde nicht gefunden!
[2026-06-15 10:06:28] [ERROR] token.txt wurde nicht gefunden!
[2026-06-15 10:06:29] [ERROR] token.txt wurde nicht gefunden!
[2026-06-15 10:06:31] [ERROR] token.txt wurde nicht gefunden!
[2026-06-15 10:06:32] [ERROR] token.txt wurde nicht gefunden!
[2026-06-15 10:06:34] [ERROR] token.txt wurde nicht gefunden!
[2026-06-15 10:06:35] [ERROR] token.txt wurde nicht gefunden!
[2026-06-15 10:06:37] [ERROR] token.txt wurde nicht gefunden!
[2026-06-15 10:06:38] [ERROR] token.txt wurde nicht gefunden!
[2026-06-15 10:06:40] [ERROR] token.txt wurde nicht gefunden!
[2026-06-15 10:06:41] [ERROR] token.txt wurde nicht gefunden!
[2026-06-15 10:06:43] [ERROR] token.txt wurde nicht gefunden!
[2026-06-15 10:06:44] [ERROR] token.txt wurde nicht gefunden!
