[2026-06-28 01:46:13] INFO: ━━━━━━━━━━━━━━━━━━━━━━━━━━━━━━━━━━━━━━━━━━━━━━
[2026-06-28 01:46:13] INFO: Hallo Rico. Autonomer Betrieb ist aktiv.
[2026-06-28 01:46:13] INFO: 🤖 AUTO-SCHEDULER ZYKLUS GESTARTET
[2026-06-28 01:46:13] INFO: ⏰ Auto-Scheduler startet: Stündlicher Trend-Scan
[2026-06-28 01:46:13] INFO: ━━━━━━━━━━━━━━━━━━━━━━━━━━━━━━━━━━━━━━━━━━━━━━━━━━━━━━━━━━━━
[2026-06-28 01:46:13] INFO: 🔍 PHASE 1: RESEARCH ENGINE GESTARTET
[2026-06-28 01:46:13] INFO: ━━━━━━━━━━━━━━━━━━━━━━━━━━━━━━━━━━━━━━━━━━━━━━━━━━━━━━━━━━━━
[2026-06-28 01:46:13] INFO: Verbinde mit Research-Datenquellen...
[2026-06-28 01:46:13] INFO:   ✓ Google Trends API
[2026-06-28 01:46:13] INFO:   ✓ TikTok Trends
[2026-06-28 01:46:13] INFO:   ✓ Instagram Insights
[2026-06-28 01:46:13] INFO:   ✓ Pinterest Trends
[2026-06-28 01:46:13] INFO: Sammle aktuelle Trends...
[2026-06-28 01:46:14] SUCCESS: Research Phase abgeschlossen
[2026-06-28 01:46:14] INFO: ⏰ Auto-Scheduler startet: Täglicher Auto-Researcher (Ideen & Trends)
[2026-06-28 01:46:14] INFO: 🧠 AUTO-RESEARCHER GESTARTET
[2026-06-28 01:46:14] INFO: ━━━━━━━━━━━━━━━━━━━━━━━━━━━━━━━━━━━━━━━━━━━━━━━━━━━━━━━━━━━━
[2026-06-28 01:46:14] INFO: 🔍 PHASE 1: RESEARCH ENGINE GESTARTET
[2026-06-28 01:46:14] INFO: ━━━━━━━━━━━━━━━━━━━━━━━━━━━━━━━━━━━━━━━━━━━━━━━━━━━━━━━━━━━━
[2026-06-28 01:46:14] INFO: Verbinde mit Research-Datenquellen...
[2026-06-28 01:46:14] INFO:   ✓ Google Trends API
[2026-06-28 01:46:14] INFO:   ✓ TikTok Trends
[2026-06-28 01:46:14] INFO:   ✓ Instagram Insights
[2026-06-28 01:46:14] INFO:   ✓ Pinterest Trends
[2026-06-28 01:46:14] INFO: Sammle aktuelle Trends...
[2026-06-28 01:46:15] SUCCESS: Research Phase abgeschlossen
[2026-06-28 01:46:15] INFO:   ✓ Extrahiere neue Ideen aus Trendclustern
[2026-06-28 01:46:15] INFO:   ✓ Bewerte Ideen nach Potenzial und Umsetzbarkeit
[2026-06-28 01:46:15] INFO:   ✓ Erstelle Prioritätenliste für Content-Factory
[2026-06-28 01:46:16] SUCCESS: Auto-Researcher abgeschlossen
[2026-06-28 01:46:16] INFO: ⏰ Auto-Scheduler startet: Tägliche Keyword-Analyse
[2026-06-28 01:46:16] INFO: 🔑 KEYWORD-ANALYSE GESTARTET
[2026-06-28 01:46:16] INFO:   ✓ Sammle Suchbegriffe aus Trendquellen
[2026-06-28 01:46:16] INFO:   ✓ Clustere Keywords nach Intent
[2026-06-28 01:46:16] INFO:   ✓ Priorisiere Keywords nach Potenzial
[2026-06-28 01:46:17] SUCCESS: Keyword-Analyse abgeschlossen
[2026-06-28 01:46:17] INFO: ⏰ Auto-Scheduler startet: Tägliche Auto-Content-Factory
[2026-06-28 01:46:17] INFO: 🏭 AUTO-CONTENT-FACTORY GESTARTET
[2026-06-28 01:46:17] INFO:   ✓ Variantenmodus wird temporär aktiviert (A/B)
[2026-06-28 01:46:17] INFO: ━━━━━━━━━━━━━━━━━━━━━━━━━━━━━━━━━━━━━━━━━━━━━━━━━━━━━━━━━━━━
[2026-06-28 01:46:17] INFO: 🎬 PHASE 2: CONTENT FACTORY GESTARTET
[2026-06-28 01:46:17] INFO: ━━━━━━━━━━━━━━━━━━━━━━━━━━━━━━━━━━━━━━━━━━━━━━━━━━━━━━━━━━━━
[2026-06-28 01:46:17] INFO: Lade Research-Daten...
[2026-06-28 01:46:17] INFO: Batch-Größe: Unbegrenzt
[2026-06-28 01:46:17] INFO: Generiere Content-Assets...
[2026-06-28 01:46:17] INFO:   ✓ Skripte
[2026-06-28 01:46:17] INFO:   ✓ Bild-Prompts (DALL-E, Midjourney, Stable Diffusion)
[2026-06-28 01:46:17] INFO:   ✓ Video-Konzepte & Storyboards
[2026-06-28 01:46:17] INFO:   ✓ Virale Captions
[2026-06-28 01:46:17] INFO:   ✓ Hashtag-Bündel
[2026-06-28 01:46:17] INFO:   ✓ A/B-Test Varianten (3x)
[2026-06-28 01:46:18] SUCCESS: Content Generation abgeschlossen
[2026-06-28 01:46:18] SUCCESS: Auto-Content-Factory abgeschlossen
[2026-06-28 01:46:18] INFO: ⏰ Auto-Scheduler startet: Täglicher Auto-Publisher
[2026-06-28 01:46:18] INFO: 📣 AUTO-PUBLISHER GESTARTET
[2026-06-28 01:46:18] INFO: ━━━━━━━━━━━━━━━━━━━━━━━━━━━━━━━━━━━━━━━━━━━━━━━━━━━━━━━━━━━━
[2026-06-28 01:46:18] INFO: 📤 PHASE 3: CONTENT PUBLISHER GESTARTET
[2026-06-28 01:46:18] INFO: ━━━━━━━━━━━━━━━━━━━━━━━━━━━━━━━━━━━━━━━━━━━━━━━━━━━━━━━━━━━━
[2026-06-28 01:46:18] INFO: Zielplattformen: instagram, tiktok, youtube_shorts, pinterest
[2026-06-28 01:46:18] INFO: Nutze Smart-Scheduling...
[2026-06-28 01:46:18] INFO:   ✓ Optimale Posting-Zeiten berechnet
[2026-06-28 01:46:18] INFO:   ✓ Zeitzone-Anpassung
[2026-06-28 01:46:18] INFO:   ✓ Engagement-Vorhersagen
[2026-06-28 01:46:18] INFO: Posts werden vorbereitet für:
[2026-06-28 01:46:18] INFO:   ✓ instagram
[2026-06-28 01:46:18] INFO:   ✓ tiktok
[2026-06-28 01:46:18] INFO:   ✓ youtube_shorts
[2026-06-28 01:46:18] INFO:   ✓ pinterest
[2026-06-28 01:46:19] SUCCESS: Publishing Phase abgeschlossen
[2026-06-28 01:46:19] INFO:   ✓ Starte Publishing-Tests (Timing/Format/Variante)
[2026-06-28 01:46:19] INFO:   ✓ Sammle Early-Performance-Signale
[2026-06-28 01:46:19] INFO:   ✓ Performance-Analyse abgeschlossen, Empfehlungen: 4
[2026-06-28 01:46:19] SUCCESS: Auto-Publisher abgeschlossen
[2026-06-28 01:46:19] INFO: ⏰ Auto-Scheduler startet: Tägliche Monetarisierungs-Optimierung
[2026-06-28 01:46:19] INFO: 💰 MONETARISIERUNGS-OPTIMIERUNG GESTARTET
[2026-06-28 01:46:19] INFO:   ✓ Prüfe Pipeline 1 auf Engpässe
[2026-06-28 01:46:19] INFO:   ✓ Prüfe Pipeline 2 auf Conversion-Verluste
[2026-06-28 01:46:19] INFO:   ✓ Analysiere CTR, EPC und Conversion-Rate
[2026-06-28 01:46:19] INFO:   ✓ Prüfe SEO-Optimierungspotenziale
[2026-06-28 01:46:19] INFO:   ✓ Erstelle Maßnahmenvorschläge für Pricing und Funnel
[2026-06-28 01:46:20] SUCCESS: Monetarisierungs-Optimierung abgeschlossen
[2026-06-28 01:46:20] INFO: ⏰ Auto-Scheduler startet: Tägliche Auto-Reflexion & Self-Repair
[2026-06-28 01:46:20] INFO: 🛠️ AUTO-REFLEXION & SELF-REPAIR GESTARTET
[2026-06-28 01:46:20] INFO: 🩺 TÄGLICHE FEHLER-CHECKS GESTARTET
[2026-06-28 01:46:20] INFO:   ✓ Prüfe Logs auf kritische Fehlermuster
[2026-06-28 01:46:20] INFO:   ✓ Prüfe Queue- und Publisher-Status
[2026-06-28 01:46:20] INFO:   ✓ Prüfe API/Engine-Erreichbarkeit
[2026-06-28 01:46:21] SUCCESS: Fehler-Checks abgeschlossen
[2026-06-28 01:46:21] INFO:   ✓ Selbstheilungsregeln auf erkannte Fehler angewendet
[2026-06-28 01:46:21] INFO:   ✓ Reflexion mit 4 Handlungsempfehlungen
[2026-06-28 01:46:21] INFO: ⏰ Auto-Scheduler startet: Tägliches Auto-Memory-Update
[2026-06-28 01:46:21] INFO: 🧾 AUTO-MEMORY-UPDATE GESTARTET
[2026-06-28 01:46:21] SUCCESS: Auto-Memory-Update abgeschlossen (1 Einträge)
[2026-06-28 01:46:21] INFO: ⏰ Auto-Scheduler startet: Stündliches Auto-Monitoring
[2026-06-28 01:46:21] INFO: 📈 AUTO-MONITORING GESTARTET
[2026-06-28 01:46:21] INFO:   ✓ Monitoring abgeschlossen, Empfehlungen: 4
[2026-06-28 01:46:21] INFO: ⏰ Auto-Scheduler startet: Wöchentliche A/B-Tests
[2026-06-28 01:46:21] INFO: 🧪 WÖCHENTLICHE A/B-TESTS GESTARTET
[2026-06-28 01:46:21] INFO:   ✓ Aktiviere Variantenmodus für Hooks/Captions
[2026-06-28 01:46:21] INFO:   ✓ Erstelle Test-Set pro Plattform
[2026-06-28 01:46:21] INFO:   ✓ Markiere Ergebnisse für Wochenvergleich
[2026-06-28 01:46:22] SUCCESS: Wöchentliche A/B-Tests abgeschlossen
[2026-06-28 01:46:22] INFO: ⏰ Auto-Scheduler startet: Wöchentliche System-Reflexion
[2026-06-28 01:46:22] INFO: 🧠 WÖCHENTLICHE SYSTEM-REFLEXION GESTARTET
[2026-06-28 01:46:22] INFO:   ✓ Reflexion abgeschlossen, Empfehlungen: 4
[2026-06-28 01:46:23] SUCCESS: Wöchentliche System-Reflexion abgeschlossen
[2026-06-28 01:46:23] INFO: ⏰ Auto-Scheduler startet: Auto-Event-Bus-Listener
[2026-06-28 01:46:23] INFO: 📡 AUTO-EVENT-BUS-LISTENER AKTIV
[2026-06-28 01:46:23] INFO:   ✓ Keine neuen Events, Listener bleibt aktiv
[2026-06-28 01:46:23] INFO: ⏰ Auto-Scheduler startet: Auto-Priorisierung
[2026-06-28 01:46:23] INFO: 🧭 AUTO-PRIORISIERUNG GESTARTET
[2026-06-28 01:46:23] INFO:   ✓ Priorität 1: Fehler-Check (95)
[2026-06-28 01:46:23] INFO:   ✓ Priorität 2: Trend-Scan (90)
[2026-06-28 01:46:23] INFO:   ✓ Ressourcenverteilung aktualisiert
[2026-06-28 01:46:23] INFO: ✅ Auto-Scheduler Zyklus abgeschlossen
[2026-06-28 01:46:23] INFO: ━━━━━━━━━━━━━━━━━━━━━━━━━━━━━━━━━━━━━━━━━━━━━━
